ASxxxx Linker V03.00 + NoICE + sdld,  page 1.
Hexadecimal  [32-Bits]

Area                                    Addr        Size        Decimal Bytes (Attributes)
--------------------------------        ----        ----        ------- ----- ------------
.  .ABS.                            00000000    00000000 =           0. bytes (ABS,CON)

      Value  Global                              Global Defined In Module
      -----  --------------------------------   ------------------------
     00000000  .__.ABS.                           cpct_strings
     00000000  l__CABS                         
     00000000  l__DABS                         
     00000000  l__GSFINAL                      
     00000000  s__CABS                         
     00000000  s__DABS                         
     00000005  l__INITIALIZED                  
     00000005  l__INITIALIZER                  
     00000008  l__GSINIT                       
     0000017E  l__HOME                         
     0000092E  l__DATA                         
     00002000  s__CODE                         
     000042DD  l__CODE                         
     000062DD  s__DATA                         
     00006C0B  s__INITIALIZED                  
     00006C10  s__HOME                         
     00006D8E  s__GSINIT                       
     00006D96  s__GSFINAL                      
     00006D96  s__INITIALIZER                  

ASxxxx Linker V03.00 + NoICE + sdld,  page 2.
Hexadecimal  [32-Bits]

Area                                    Addr        Size        Decimal Bytes (Attributes)
--------------------------------        ----        ----        ------- ----- ------------
_CODE                               00002000    000042DD =       17117. bytes (REL,CON)

      Value  Global                              Global Defined In Module
      -----  --------------------------------   ------------------------
     00002000  _changeVideoMemoryPage             main
     00002022  _clear_screen                      main
     00002033  _clear_both_screens                main
     0000204E  _draw_scoreboard                   main
     000020B5  _initialization                    main
     000020D6  _initial_setup                     main
     0000210D  _init_game                         main
     0000210E  _init_level                        main
     0000210F  _menu                              main
     00002244  _redefine_keys                     main
     00002247  _level_up                          main
     0000224A  _end                               main
     0000224D  _help                              main
     00002250  _win                               main
     00002253  _game_over                         main
     00002256  _game                              main
     0000238C  _main                              main
     00002458  _detectColision                    enemies
     000024C5  _check_collision_enemies           enemies
     00002597  _init_enemies                      enemies
     00002600  _create_enemy                      enemies
     0000293F  _create_enemy_group                enemies
     0000299F  _update_enemies                    enemies
     00002EED  _inside_screen                     enemies
     00002F3E  _draw_enemies                      enemies
     00003082  _init_explosions                   explosions
     00003102  _create_explosion                  explosions
     0000317D  _update_explosions                 explosions
     0000321A  _draw_explosions                   explosions
     000032CE  _strcpy                            messages
     000032F8  _strlen                            messages
     0000330F  _colour_message                    messages
     00003342  _red_message                       messages
     00003360  _blue_message                      messages
     0000337E  _init_messages                     messages
     000033BF  _create_message                    messages
     0000340C  _draw_messages                     messages
     00003537  _movements                         movement
     00003579  _pattern01                         pattern
     000035F2  _init_shoots                       shoots
     00003640  _create_shoot                      shoots
     0000376C  _update_shoots                     shoots
     00003893  _draw_shoots                       shoots
     00003950  _trajectories                      trajectories
     000039A1  _init_user                         user
     00003A1C  _user_init_level                   user
     00003A2C  _get_last_moved_user               user
     00003A34  _get_user_max_shoots               user
     00003A39  _get_user_speed                    user
     00003A3E  _user_engine                       user
ASxxxx Linker V03.00 + NoICE + sdld,  page 3.
Hexadecimal  [32-Bits]

Area                                    Addr        Size        Decimal Bytes (Attributes)
--------------------------------        ----        ----        ------- ----- ------------
_CODE                               00002000    000042DD =       17117. bytes (REL,CON)

      Value  Global                              Global Defined In Module
      -----  --------------------------------   ------------------------
     00003A89  _update_user                       user
     00003D50  _draw_user                         user
     00003D8A  _set_score                         user
     00003D97  _add_score                         user
     00003DD8  _get_score                         user
     00003DE0  _G_baddie01_00                     new_sprites
     00003E30  _G_baddie01_01                     new_sprites
     00003E80  _G_baddie01_02                     new_sprites
     00003ED0  _G_baddie01_03                     new_sprites
     00003F20  _G_baddie01_04                     new_sprites
     00003F70  _G_baddie01_05                     new_sprites
     00003FC0  _G_baddie01_06                     new_sprites
     00004010  _G_baddie01_07                     new_sprites
     00004060  _G_baddie02_00                     new_sprites
     000040A8  _G_baddie02_01                     new_sprites
     000040F0  _G_baddie02_02                     new_sprites
     00004138  _G_baddie02_03                     new_sprites
     00004180  _G_baddie02_04                     new_sprites
     000041C8  _G_baddie02_05                     new_sprites
     00004210  _G_baddie02_06                     new_sprites
     00004258  _G_baddie02_07                     new_sprites
     000042A0  _G_N_0                             new_sprites
     000042AC  _G_N_1                             new_sprites
     000042B8  _G_N_2                             new_sprites
     000042C4  _G_N_3                             new_sprites
     000042D0  _G_N_4                             new_sprites
     000042DC  _G_N_5                             new_sprites
     000042E8  _G_palette                         sprites
     000042F8  _tintas                            sprites
     00004309  _palette                           sprites
     00004319  _redFlag                           sprites
     00004327  _ship01                            sprites
     00004387  _bullet01_0                        sprites
     0000438F  _bullet01_1                        sprites
     00004397  _bullet02_0                        sprites
     0000439B  _ship02                            sprites
     0000448B  _ship03                            sprites
     000044EB  _G_ship_00                         sprites
     0000450B  _G_ship_01                         sprites
     0000452B  _G_ship_02                         sprites
     0000454B  _G_shoot_00                        sprites
     0000454F  _G_shoot_01                        sprites
     00004553  _G_shoot_02                        sprites
     00004557  _G_baddie03_00                     sprites
     00004577  _G_baddie03_01                     sprites
     00004597  _G_baddie03_02                     sprites
     000045B7  _G_baddie03_03                     sprites
     000045D7  _G_baddie03_04                     sprites
     000045F7  _G_baddie03_05                     sprites
     00004617  _G_baddie03_06                     sprites
     00004637  _G_baddie03_07                     sprites
ASxxxx Linker V03.00 + NoICE + sdld,  page 4.
Hexadecimal  [32-Bits]

Area                                    Addr        Size        Decimal Bytes (Attributes)
--------------------------------        ----        ----        ------- ----- ------------
_CODE                               00002000    000042DD =       17117. bytes (REL,CON)

      Value  Global                              Global Defined In Module
      -----  --------------------------------   ------------------------
     00004657  _G_star_00                         sprites
     00004677  _G_star_01                         sprites
     00004697  _G_star_02                         sprites
     000046B7  _G_star_03                         sprites
     000046D7  _G_star_04                         sprites
     000046F7  _explosion02000                    sprites
     00004739  _explosion02001                    sprites
     0000477B  _explosion02002                    sprites
     000047BD  _explosion02003                    sprites
     000047FF  _explosion02004                    sprites
     00004841  _toque000                          sprites
     00004853  _toque001                          sprites
     00004865  _toque002                          sprites
     00004877  _toque003                          sprites
     00004889  _toque004                          sprites
     0000489B  _G_explosion_8x8_00                sprites
     000048BB  _G_explosion_8x8_01                sprites
     000048DB  _G_explosion_8x8_02                sprites
     000048FB  _G_explosion_8x8_03                sprites
     0000491B  _G_explosion_8x8_04                sprites
     0000493B  _G_explosion_8x8_10                sprites
     0000495B  _G_explosion_8x8_11                sprites
     0000497B  _G_explosion_8x8_12                sprites
     0000499B  _G_explosion_8x8_13                sprites
     000049BB  _G_explosion_8x8_14                sprites
     000049DB  _G_heart                           sprites
     000049EA  _G_green_flag                      sprites
     000049F4  _G_red_flag                        sprites
     000049FE  _G_skull_still                     sprites
     00004A26  _G_skull_left_00                   sprites
     00004A4E  _G_skull_left_01                   sprites
     00004A76  _G_skull_right_00                  sprites
     00004A9E  _G_skull_right_01                  sprites
     00004AC6  _G_baddie_shot_00                  sprites
     00004ACE  _G_baddie_shot_01                  sprites
     00004AD4  _G_baddie_shot_02                  sprites
     00004AD6  _G_engine_00                       sprites
     00004AD8  _G_engine_01                       sprites
     00004ADA  _G_baddie04_00                     sprites
     00004AFA  _G_baddie04_01                     sprites
     00004B1A  _G_baddie04_02                     sprites
     00004B3A  _G_baddie04_03                     sprites
     00004B5A  _G_baddie04_04                     sprites
     00004B7A  _G_baddie04_05                     sprites
     00004B9A  _G_baddie04_06                     sprites
     00004BBA  _G_baddie04_07                     sprites
     00004BDA  _G_baddie05_00                     sprites
     00004BFA  _get_mode0_pixel_color_byte        starfield
     00004C6A  _get_last_moved_stars              starfield
     00004C87  _init_stars                        starfield
     00004D1D  _draw_stars                        starfield
ASxxxx Linker V03.00 + NoICE + sdld,  page 5.
Hexadecimal  [32-Bits]

Area                                    Addr        Size        Decimal Bytes (Attributes)
--------------------------------        ----        ----        ------- ----- ------------
_CODE                               00002000    000042DD =       17117. bytes (REL,CON)

      Value  Global                              Global Defined In Module
      -----  --------------------------------   ------------------------
     00004DCA  _update_stars                      starfield
     00004E8D  _timer_on                          timer
     00004EB6  _timer_off                         timer
     00004EC3  _get_time                          timer
     00004ED1  _cpc_PrintGphStr2X                 
     00004EDC  _cpc_PrintGphStr                   
     00005022  _cpc_SetInkGphStr                  
     000051D5  _set_stack                         
     000051DB  _fast_collision                    
     00005227  _cpct_setRandomSeedUniform_u8      cpct_random
     00005227  cpct_setRandomSeedUniform_u8_asm   cpct_random
     0000522C  _cpct_setPalette                   cpct_video
     00005235  cpct_setPalette_asm                cpct_video
     00005250  _cpct_isKeyPressed                 cpct_keyboard
     00005250  cpct_isKeyPressed_asm              cpct_keyboard
     0000525C  _cpct_scanKeyboard_f               cpct_keyboard
     0000525C  cpct_scanKeyboard_f_asm            cpct_keyboard
     000052C6  _rand                              rand
     00005322  _srand                             rand
     0000533D  _cpct_setPALColour                 cpct_video
     00005349  _cpct_drawSprite                   cpct_sprites
     000053EE  __moduchar                         
     000053FA  __moduint                          
     00005405  _cpct_fw2hw                        cpct_video
     0000541F  _cpct_keyboardStatusBuffer         cpct_keyboard
     00005429  __divuint                          
     00005431  __divuchar                         
     00005438  __divu8                            
     0000543B  __divu16                           
     0000546A  _cpct_setVideoMemoryPage           cpct_video
     0000546A  cpct_setVideoMemoryPage_asm        cpct_video
     00005473  _cpct_memset_f64                   cpct_memutils
     000054DB  _vsprintf                          sprintf
     00005510  _sprintf                           sprintf
     00005547  cpct_firmware2hw_colour            
     00005562  _cpct_getRandomUniform_u8_f        cpct_random
     00005562  cpct_getRandomUniform_u8_f_asm     cpct_random
     00005562  cpct_randUnifu8_seed               cpct_random
     00005573  _cpct_setVideoMode                 cpct_video
     00005578  cpct_setVideoMode_asm              cpct_video
     00005585  _cpct_px2byteM0                    cpct_sprites
     000055A4  _cpct_mode_rom_status              cpct_firmware
     000055A5  _cpct_firmware_address             cpct_firmware
     000055A7  _cpct_disableFirmware              cpct_firmware
     000055A7  cpct_disableFirmware_asm           cpct_firmware
     000055B8  _cpct_drawSolidBox                 cpct_sprites
     00005670  __modschar                         
     0000567D  __modsint                          
     00005689  _cpct_getScreenPtr                 cpct_video
     000057BA  __print_format                     printf_large
     000061DB  __divsint                          
ASxxxx Linker V03.00 + NoICE + sdld,  page 6.
Hexadecimal  [32-Bits]

Area                                    Addr        Size        Decimal Bytes (Attributes)
--------------------------------        ----        ----        ------- ----- ------------
_CODE                               00002000    000042DD =       17117. bytes (REL,CON)

      Value  Global                              Global Defined In Module
      -----  --------------------------------   ------------------------
     000061E4  __divschar                         
     000061EB  __div8                             
     000061EF  __div_signexte                     
     000061F3  __div16                            
     00006219  __get_remainder                    
     00006223  __mulint                           
     0000622B  __mul16                            
     0000623F  ___sdcc_call_hl                    
     00006240  dc_mode0_ct                        cpct_strings
     00006250  _cpct_drawCharM0                   cpct_strings
     0000625D  cpct_drawCharM0_asm                cpct_strings

ASxxxx Linker V03.00 + NoICE + sdld,  page 7.
Hexadecimal  [32-Bits]

Area                                    Addr        Size        Decimal Bytes (Attributes)
--------------------------------        ----        ----        ------- ----- ------------
_DATA                               000062DD    0000092E =        2350. bytes (REL,CON)

      Value  Global                              Global Defined In Module
      -----  --------------------------------   ------------------------
     000062DD  _state                             main
     000062DE  _previous_state                    main
     000062DF  _pvmem                             main
     000062E1  _aux_txt                           main
     0000630A  _enemies                           enemies
     00006742  _active_enemies                    enemies
     00006743  _groups                            enemies
     00006763  _active_groups                     enemies
     00006764  _explosiones                       explosions
     00006944  _explosiones_activas               explosions
     00006945  _explosion_sprite                  explosions
     00006955  _explosiones_lastUpdated           explosions
     00006959  _messages                          messages
     00006AAD  _active_messages                   messages
     00006AAE  _aux_txt2                          messages
     00006AD6  _shoots                            shoots
     00006B76  _active_shoots                     shoots
     00006B77  _user                              user
     00006B90  _shoot_type                        user
     00006B91  _engine_anim                       user
     00006B95  _aStars                            starfield
     00006BFE  _last_moved_stars                  starfield
     00006C06  _nFPS                              timer
     00006C07  _nTimeLast                         timer
ASxxxx Linker V03.00 + NoICE + sdld,  page 8.
Hexadecimal  [32-Bits]

Area                                    Addr        Size        Decimal Bytes (Attributes)
--------------------------------        ----        ----        ------- ----- ------------
_INITIALIZED                        00006C0B    00000005 =           5. bytes (REL,CON)

      Value  Global                              Global Defined In Module
      -----  --------------------------------   ------------------------
     00006C0B  _level                             main

ASxxxx Linker V03.00 + NoICE + sdld,  page 9.
Hexadecimal  [32-Bits]

Area                                    Addr        Size        Decimal Bytes (Attributes)
--------------------------------        ----        ----        ------- ----- ------------
_HOME                               00006C10    0000017E =         382. bytes (REL,CON)

      Value  Global                              Global Defined In Module
      -----  --------------------------------   ------------------------
     00006C10  __mullong                          _mullong

ASxxxx Linker V03.00 + NoICE + sdld,  page 10.
Hexadecimal  [32-Bits]

Area                                    Addr        Size        Decimal Bytes (Attributes)
--------------------------------        ----        ----        ------- ----- ------------
_GSINIT                             00006D8E    00000008 =           8. bytes (REL,CON)

      Value  Global                              Global Defined In Module
      -----  --------------------------------   ------------------------
ASxxxx Linker V03.00 + NoICE + sdld,  page 11.
Hexadecimal  [32-Bits]

Area                                    Addr        Size        Decimal Bytes (Attributes)
--------------------------------        ----        ----        ------- ----- ------------
_INITIALIZER                        00006D96    00000005 =           5. bytes (REL,CON)

      Value  Global                              Global Defined In Module
      -----  --------------------------------   ------------------------
ASxxxx Linker V03.00 + NoICE + sdld,  page 12.

Files Linked                              [ module(s) ]

obj/main.rel                              [ main ]
obj/entities/enemies.rel                  [ enemies ]
obj/entities/explosions.rel               [ explosions ]
obj/entities/messages.rel                 [ messages ]
obj/entities/movement.rel                 [ movement ]
obj/entities/pattern.rel                  [ pattern ]
obj/entities/shoots.rel                   [ shoots ]
obj/entities/trajectories.rel             [ trajectories ]
obj/entities/user.rel                     [ user ]
obj/sprites/new_sprites.rel               [ new_sprites ]
obj/sprites/sprites.rel                   [ sprites ]
obj/starfield/starfield.rel               [ starfield ]
obj/util/timer.rel                        [ timer ]
obj/util/printgphstr.rel                  [  ]
obj/util/util.rel                         [  ]


Libraries Linked                          [ object file ]

/Users/david/Documents/retro/proyectos/cpctelera/cpctelera/cpctelera.lib
                                          [ cpct_setRandomSeedUniform_u8.rel ]
/Users/david/Documents/retro/proyectos/cpctelera/cpctelera/cpctelera.lib
                                          [ cpct_setPalette.rel ]
/Users/david/Documents/retro/proyectos/cpctelera/cpctelera/cpctelera.lib
                                          [ cpct_isKeyPressed.rel ]
/Users/david/Documents/retro/proyectos/cpctelera/cpctelera/cpctelera.lib
                                          [ cpct_scanKeyboard_f.rel ]
/Users/david/Documents/retro/proyectos/cpctelera/cpctelera/tools/sdcc-3.5.0/bin/../share/sdcc/lib/z80/z80.lib
                                          [ rand.rel ]
/Users/david/Documents/retro/proyectos/cpctelera/cpctelera/cpctelera.lib
                                          [ cpct_setPALColour_cbindings.rel ]
/Users/david/Documents/retro/proyectos/cpctelera/cpctelera/cpctelera.lib
                                          [ cpct_drawSprite_cbindings.rel ]
/Users/david/Documents/retro/proyectos/cpctelera/cpctelera/tools/sdcc-3.5.0/bin/../share/sdcc/lib/z80/z80.lib
                                          [ modunsigned.rel ]
/Users/david/Documents/retro/proyectos/cpctelera/cpctelera/cpctelera.lib
                                          [ cpct_fw2hw.rel ]
/Users/david/Documents/retro/proyectos/cpctelera/cpctelera/cpctelera.lib
                                          [ keyboard.rel ]
/Users/david/Documents/retro/proyectos/cpctelera/cpctelera/tools/sdcc-3.5.0/bin/../share/sdcc/lib/z80/z80.lib
                                          [ divunsigned.rel ]
/Users/david/Documents/retro/proyectos/cpctelera/cpctelera/cpctelera.lib
                                          [ cpct_setVideoMemoryPage.rel ]
/Users/david/Documents/retro/proyectos/cpctelera/cpctelera/cpctelera.lib
                                          [ cpct_memset_f64_cbinding.rel ]
/Users/david/Documents/retro/proyectos/cpctelera/cpctelera/tools/sdcc-3.5.0/bin/../share/sdcc/lib/z80/z80.lib
                                          [ sprintf.rel ]
/Users/david/Documents/retro/proyectos/cpctelera/cpctelera/cpctelera.lib
                                          [ cpct_firmware2hw_colour_table.re ]
/Users/david/Documents/retro/proyectos/cpctelera/cpctelera/cpctelera.lib
                                          [ cpct_getRandomUniform_u8_f.rel ]
/Users/david/Documents/retro/proyectos/cpctelera/cpctelera/cpctelera.lib
                                          [ cpct_setVideoMode.rel ]
/Users/david/Documents/retro/proyectos/cpctelera/cpctelera/cpctelera.lib
                                          [ cpct_px2byteM0_cbindings.rel ]
/Users/david/Documents/retro/proyectos/cpctelera/cpctelera/cpctelera.lib
                                          [ cpct_disableFirmware.rel ]
/Users/david/Documents/retro/proyectos/cpctelera/cpctelera/cpctelera.lib
                                          [ cpct_drawSolidBox_cbindings.rel ]
/Users/david/Documents/retro/proyectos/cpctelera/cpctelera/tools/sdcc-3.5.0/bin/../share/sdcc/lib/z80/z80.lib
                                          [ _mullong.rel ]
/Users/david/Documents/retro/proyectos/cpctelera/cpctelera/tools/sdcc-3.5.0/bin/../share/sdcc/lib/z80/z80.lib
                                          [ modsigned.rel ]
/Users/david/Documents/retro/proyectos/cpctelera/cpctelera/cpctelera.lib
                                          [ cpct_getScreenPtr_cbindings.rel ]
/Users/david/Documents/retro/proyectos/cpctelera/cpctelera/tools/sdcc-3.5.0/bin/../share/sdcc/lib/z80/z80.lib
                                          [ printf_large.rel ]
/Users/david/Documents/retro/proyectos/cpctelera/cpctelera/tools/sdcc-3.5.0/bin/../share/sdcc/lib/z80/z80.lib
                                          [ divsigned.rel ]
/Users/david/Documents/retro/proyectos/cpctelera/cpctelera/tools/sdcc-3.5.0/bin/../share/sdcc/lib/z80/z80.lib
                                          [ mul.rel ]
/Users/david/Documents/retro/proyectos/cpctelera/cpctelera/tools/sdcc-3.5.0/bin/../share/sdcc/lib/z80/z80.lib
                                          [ __sdcc_call_hl.rel ]
/Users/david/Documents/retro/proyectos/cpctelera/cpctelera/cpctelera.lib
                                          [ cpct_drawCharM0.rel ]

ASxxxx Linker V03.00 + NoICE + sdld,  page 13.

User Base Address Definitions

_CODE = 0x2000
_DATA = 0x0000

